---end scope---
a INT -1
---end scope---
a INT -1
y INT -2
---end scope---
a INT -1
---end scope---
a BYTE -1
---end scope---
a BYTE -1
---end scope---
a INT -1
y BOOL -2
---end scope---
a BOOL -1
y INT -2
---end scope---
---end scope---
print (STRING)->VOID 0
printi (INT)->VOID 0
foo (INT)->INT 0
foo (INT,INT)->INT 0
foo (INT)->BOOL 0
foo (BYTE)->BOOL 0
foo (BYTE)->INT 0
foo (INT,BOOL)->INT 0
foo (BOOL,INT)->INT 0
main ()->VOID 0
