---end scope---
a INT -1
x INT 0
Program has no 'void main()' function
