---end scope---
a INT 0
line 3: identifier main is already defined
