---end scope---
c INT 2
---end scope---
a INT 0
d INT 1
---end scope---
print (STRING)->VOID 0
printi (INT)->VOID 0
main ()->VOID 0
