---end scope---
y INT -1
booga INT 0
line 4: syntax error
