---end scope---
a INT -1
boogi INT 0
line 4: identifier foo is already defined
