---end scope---
a INT -1
booga INT 0
line 4: function foo was declared before as non-override function
