---end scope---
---end scope---
---end scope---
---end scope---
---end scope---
booga INT 0
---end scope---
print (STRING)->VOID 0
printi (INT)->VOID 0
foo ()->INT 0
main ()->VOID 0
