---end scope---
x INT -1
y BOOL -2
booga INT 0
---end scope---
x BOOL -1
y INT -2
booga INT 0
---end scope---
booga INT 0
---end scope---
print (STRING)->VOID 0
printi (INT)->VOID 0
foo (INT,BOOL)->VOID 0
foo (BOOL,INT)->VOID 0
main ()->VOID 0
