---end scope---
a INT -1
booga INT 0
Program has no 'void main()' function
