---end scope---
booga INT 0
line 4: identifier gr is already defined
