---end scope---
booga INT 0
line 7: variable foo is not defined
