---end scope---
booga INT 0
line 6: identifier foo is already defined
