---end scope---
a INT -1
---end scope---
a INT -1
y INT -2
---end scope---
y INT 0
z INT 1
---end scope---
print (STRING)->VOID 0
printi (INT)->VOID 0
foo (INT)->INT 0
foo (INT,INT)->INT 0
main ()->VOID 0
