---end scope---
booga INT 0
line 4: identifier foo is already defined
