---end scope---
a INT -1
booga INT 0
---end scope---
a INT -1
booga INT 0
---end scope---
booga INT 0
---end scope---
print (STRING)->VOID 0
printi (INT)->VOID 0
foo (INT)->VOID 0
test (INT)->VOID 0
main ()->VOID 0
