---end scope---
booga INT 0
line 6: variable foo is not defined
