---end scope---
x INT -1
---end scope---
x BYTE -1
line 6: ambiguous call to overloaded function foo
